// Jest Snapshot v1, https://goo.gl/fbAQLP

exports[`NoticeBar 渲染 1`] = `
<div>
  <div
    class="v-notice v-notice_warning"
  >
    <div
      class="v-notice__inner"
    >
      <div
        class="v-notice__hd"
      >
        <div
          class="v-notice__left-icon"
        >
          
          <i
            class="v-icon"
            style="display: inline-block; font-size: 24px; width: 1em; height: 1em; line-height: 1em;"
          >
            <svg
              fill="currentColor"
              height="1em"
              viewBox="0 0 48 48"
              width="1em"
              xmlns="http://www.w3.org/2000/svg"
            >
              <path
                clip-rule="evenodd"
                d="M44 24C44 12.9543 35.0457 4 24 4C12.9543 4 4 12.9543 4 24C4 35.0457 12.9543 44 24 44C35.0457 44 44 35.0457 44 24ZM22 31V35H26V31H22ZM22 13V29H26V13H22Z"
                fill="currentColor"
                fill-rule="evenodd"
              />
            </svg>
          </i>
          
        </div>
      </div>
      <div
        class="v-notice__bd"
      >
        <span
          class="v-notice__txt"
        >
          
          网络出现异常，请检查。
          
        </span>
      </div>
      <!--v-if-->
      <i
        aria-label="更多"
        class="v-icon v-notice__right-icon"
        role="button"
        style="display: inline-block; font-size: 15px; width: 1em; height: 1em; line-height: 1em;"
      >
        <svg
          fill="currentColor"
          height="1em"
          viewBox="0 0 48 48"
          width="1em"
          xmlns="http://www.w3.org/2000/svg"
        >
          <path
            clip-rule="evenodd"
            d="M34.9627 24.0099L34.9741 23.9985L18.0035 7.02795L15.1751 9.85638L29.3377 24.019L15.1842 38.1725L18.0126 41.0009L34.9831 24.0303L34.9627 24.0099Z"
            fill="currentColor"
            fill-rule="evenodd"
          />
        </svg>
      </i>
    </div>
  </div>
  <div
    class="v-notice v-notice_info"
  >
    <div
      class="v-notice__inner"
    >
      <div
        class="v-notice__hd"
      >
        <div
          class="v-notice__left-icon"
        >
          
          <i
            class="v-icon"
            style="display: inline-block; font-size: 24px; width: 1em; height: 1em; line-height: 1em;"
          >
            <svg
              fill="currentColor"
              height="1em"
              viewBox="0 0 48 48"
              width="1em"
              xmlns="http://www.w3.org/2000/svg"
            >
              <path
                clip-rule="evenodd"
                d="M44 24C44 12.9543 35.0457 4 24 4C12.9543 4 4 12.9543 4 24C4 35.0457 12.9543 44 24 44C35.0457 44 44 35.0457 44 24ZM22 17V13H26V17H22ZM22 35V19H26V35H22Z"
                fill="currentColor"
                fill-rule="evenodd"
              />
            </svg>
          </i>
          
        </div>
      </div>
      <div
        class="v-notice__bd"
      >
        <span
          class="v-notice__txt"
        >
          
          这是一段超长的提示文本，超长的部分将会自动隐藏
          
        </span>
      </div>
      <div
        class="v-notice__ft"
      >
        <span
          class="v-notice__setting"
          role="button"
        >
          去设置
        </span>
      </div>
      <i
        aria-label="更多"
        class="v-icon v-notice__right-icon"
        role="button"
        style="display: inline-block; font-size: 15px; width: 1em; height: 1em; line-height: 1em;"
      >
        <svg
          fill="currentColor"
          height="1em"
          viewBox="0 0 48 48"
          width="1em"
          xmlns="http://www.w3.org/2000/svg"
        >
          <path
            clip-rule="evenodd"
            d="M34.9627 24.0099L34.9741 23.9985L18.0035 7.02795L15.1751 9.85638L29.3377 24.019L15.1842 38.1725L18.0126 41.0009L34.9831 24.0303L34.9627 24.0099Z"
            fill="currentColor"
            fill-rule="evenodd"
          />
        </svg>
      </i>
    </div>
  </div>
  <div
    class="v-notice v-notice_black"
  >
    <div
      class="v-notice__inner"
    >
      <div
        class="v-notice__hd"
      >
        <div
          class="v-notice__left-icon"
        >
          
          <i
            class="v-icon"
            style="display: inline-block; font-size: 24px; width: 1em; height: 1em; line-height: 1em;"
          >
            <svg
              fill="currentColor"
              height="1em"
              viewBox="0 0 48 48"
              width="1em"
              xmlns="http://www.w3.org/2000/svg"
            >
              <path
                clip-rule="evenodd"
                d="M44 24C44 12.9543 35.0457 4 24 4C12.9543 4 4 12.9543 4 24C4 35.0457 12.9543 44 24 44C35.0457 44 44 35.0457 44 24ZM22 17V13H26V17H22ZM22 35V19H26V35H22Z"
                fill="currentColor"
                fill-rule="evenodd"
              />
            </svg>
          </i>
          
        </div>
      </div>
      <div
        class="v-notice__bd"
      >
        <span
          class="v-notice__txt"
        >
          
          你有新的邮件，请及时查阅。
          
        </span>
      </div>
      <!--v-if-->
      <i
        aria-label="关闭"
        class="v-icon v-notice__right-icon"
        role="button"
        style="display: inline-block; font-size: 15px; width: 1em; height: 1em; line-height: 1em;"
      >
        <svg
          fill="currentColor"
          height="1em"
          viewBox="0 0 48 48"
          width="1em"
          xmlns="http://www.w3.org/2000/svg"
        >
          <path
            clip-rule="evenodd"
            d="M37.4767 13.435L34.6482 10.6066L24.0416 21.2132L13.435 10.6066L10.6066 13.435L21.2132 24.0416L10.6066 34.6482L13.435 37.4767L24.0416 26.8701L34.6482 37.4767L37.4767 34.6482L26.8701 24.0416L37.4767 13.435Z"
            fill="currentColor"
            fill-rule="evenodd"
          />
        </svg>
      </i>
    </div>
  </div>
  <div
    class="v-notice v-notice_gray"
  >
    <div
      class="v-notice__inner"
    >
      <div
        class="v-notice__hd"
      >
        <div
          class="v-notice__left-icon"
        >
          
          <i
            class="v-icon"
            style="display: inline-block; font-size: 24px; width: 1em; height: 1em; line-height: 1em;"
          >
            <svg
              fill="currentColor"
              height="1em"
              viewBox="0 0 48 48"
              width="1em"
              xmlns="http://www.w3.org/2000/svg"
            >
              <path
                clip-rule="evenodd"
                d="M44 24C44 12.9543 35.0457 4 24 4C12.9543 4 4 12.9543 4 24C4 35.0457 12.9543 44 24 44C35.0457 44 44 35.0457 44 24ZM22 17V13H26V17H22ZM22 35V19H26V35H22Z"
                fill="currentColor"
                fill-rule="evenodd"
              />
            </svg>
          </i>
          
        </div>
      </div>
      <div
        class="v-notice__bd"
      >
        <span
          class="v-notice__txt"
        >
          
          你有新的邮件，请及时查阅。
          
        </span>
      </div>
      <!--v-if-->
      <i
        aria-label="关闭"
        class="v-icon v-notice__right-icon"
        role="button"
        style="display: inline-block; font-size: 15px; width: 1em; height: 1em; line-height: 1em;"
      >
        <svg
          fill="currentColor"
          height="1em"
          viewBox="0 0 48 48"
          width="1em"
          xmlns="http://www.w3.org/2000/svg"
        >
          <path
            clip-rule="evenodd"
            d="M37.4767 13.435L34.6482 10.6066L24.0416 21.2132L13.435 10.6066L10.6066 13.435L21.2132 24.0416L10.6066 34.6482L13.435 37.4767L24.0416 26.8701L34.6482 37.4767L37.4767 34.6482L26.8701 24.0416L37.4767 13.435Z"
            fill="currentColor"
            fill-rule="evenodd"
          />
        </svg>
      </i>
    </div>
  </div>
</div>
`;
